#-----------------------------------------------------------
# Vivado v2018.3 (64-bit)
# SW Build 2405991 on Thu Dec  6 23:38:27 MST 2018
# IP Build 2404404 on Fri Dec  7 01:43:56 MST 2018
# Start of session at: Sun May 24 00:23:38 2020
# Process ID: 23496
# Current directory: C:/Users/Seth/HWlab/undertale-fpga
# Command line: vivado.exe -gui_launcher_event rodinguilauncherevent22564 C:\Users\Seth\HWlab\undertale-fpga\Lab6.xpr
# Log file: C:/Users/Seth/HWlab/undertale-fpga/vivado.log
# Journal file: C:/Users/Seth/HWlab/undertale-fpga\vivado.jou
#-----------------------------------------------------------
start_gui
open_project C:/Users/Seth/HWlab/undertale-fpga/Lab6.xpr
update_compile_order -fileset sources_1
add_files -norecurse {C:/Users/Seth/Downloads/VGA-Text-Generator-master/VGA-Text-Generator.srcs/sources_1/new/Pixel_On_Text.vhd C:/Users/Seth/Downloads/VGA-Text-Generator-master/VGA-Text-Generator.srcs/sources_1/new/wrapper.vhd C:/Users/Seth/Downloads/VGA-Text-Generator-master/VGA-Text-Generator.srcs/sources_1/new/Font_Rom.vhd C:/Users/Seth/Downloads/VGA-Text-Generator-master/VGA-Text-Generator.srcs/sources_1/new/Pixel_On_Text2.vhd C:/Users/Seth/Downloads/VGA-Text-Generator-master/VGA-Text-Generator.srcs/sources_1/new/commonPak.vhd}
update_compile_order -fileset sources_1
